// Jest Snapshot v1, https://goo.gl/fbAQLP

exports[`terms defines terms 1`] = `
{
  "ABS": {
    "description": "Absolute value",
    "exponent": false,
    "label": "abs",
    "type": "function",
    "value": "abs",
  },
  "ACOS": {
    "description": "Arc cosine",
    "exponent": false,
    "label": "cos<sup>﹣1</sup>",
    "type": "function",
    "value": "acos",
  },
  "ACOSH": {
    "description": "Hyperbolic arc cosine",
    "exponent": false,
    "label": "cosh<sup>﹣1</sup>",
    "type": "function",
    "value": "acosh",
  },
  "ADD": {
    "description": "Binary operator +",
    "exponent": false,
    "label": "＋",
    "type": "operator",
    "value": "+",
  },
  "ANS": {
    "description": "Last result",
    "exponent": false,
    "label": "Ans",
    "type": "variable",
    "value": "ans",
  },
  "ASIN": {
    "description": "Arc sine",
    "exponent": false,
    "label": "sin<sup>﹣1</sup>",
    "type": "function",
    "value": "asin",
  },
  "ASINH": {
    "description": "Hyperbolic arc sine",
    "exponent": false,
    "label": "sinh<sup>﹣1</sup>",
    "type": "function",
    "value": "asinh",
  },
  "ASSIGN": {
    "description": "Assign",
    "exponent": false,
    "label": "=",
    "type": "operator",
    "value": "=",
  },
  "ATAN": {
    "description": "Arc tangent",
    "exponent": false,
    "label": "tan<sup>﹣1</sup>",
    "type": "function",
    "value": "atan",
  },
  "ATANH": {
    "description": "Hyperbolic arc tangent",
    "exponent": false,
    "label": "tanh<sup>﹣1</sup>",
    "type": "function",
    "value": "atanh",
  },
  "CBRT": {
    "description": "Cube root",
    "exponent": false,
    "label": "<sup>3</sup>√",
    "type": "function",
    "value": "cbrt",
  },
  "CEIL": {
    "description": "Round to upper whole number",
    "exponent": false,
    "label": "ceil",
    "type": "function",
    "value": "ceil",
  },
  "COMMA": {
    "description": "Arguments separator",
    "exponent": false,
    "label": ",",
    "type": "separator",
    "value": ",",
  },
  "COS": {
    "description": "Cosine",
    "exponent": false,
    "label": "cos",
    "type": "function",
    "value": "cos",
  },
  "COSH": {
    "description": "Hyperbolic cosine",
    "exponent": false,
    "label": "cosh",
    "type": "function",
    "value": "cosh",
  },
  "DIV": {
    "description": "Binary operator /",
    "exponent": false,
    "label": "÷",
    "type": "operator",
    "value": "/",
  },
  "DOT": {
    "description": "Dot",
    "exponent": false,
    "label": ".",
    "type": "digit",
    "value": ".",
  },
  "E": {
    "description": "Value of E",
    "exponent": false,
    "label": "e",
    "type": "constant",
    "value": "E",
  },
  "ELLIPSIS": {
    "description": "Value ellipsis",
    "exponent": false,
    "label": "…",
    "type": "separator",
    "value": "~",
  },
  "ERROR": {
    "description": "Error in syntax",
    "exponent": false,
    "label": "Syntax error",
    "type": "error",
    "value": "#",
  },
  "EXP": {
    "description": "Exponent",
    "exponent": "right",
    "label": "exp",
    "type": "function",
    "value": "exp",
  },
  "EXP10": {
    "description": "Power of 10",
    "exponent": "right",
    "label": "×10",
    "type": "digit",
    "value": "e",
  },
  "FAC": {
    "description": "Factorial",
    "exponent": false,
    "label": "!",
    "type": "operator",
    "value": "!",
  },
  "FLOOR": {
    "description": "Round to lower whole number",
    "exponent": false,
    "label": "floor",
    "type": "function",
    "value": "floor",
  },
  "INFINITY": {
    "description": "Error in result",
    "exponent": false,
    "label": "Infinity",
    "type": "error",
    "value": "Infinity",
  },
  "LG": {
    "description": "Base-10 logarithm",
    "exponent": false,
    "label": "log<sub>10</sub>",
    "type": "function",
    "value": "lg",
  },
  "LN": {
    "description": "Natural logarithm",
    "exponent": false,
    "label": "ln",
    "type": "function",
    "value": "ln",
  },
  "LOG": {
    "description": "Natural logarithm",
    "exponent": false,
    "label": "ln",
    "type": "function",
    "value": "log",
  },
  "LOG10": {
    "description": "Base-10 logarithm",
    "exponent": false,
    "label": "log<sub>10</sub>",
    "type": "function",
    "value": "log10",
  },
  "LPAR": {
    "description": "Left parenthesis",
    "exponent": false,
    "label": "(",
    "type": "aggregator",
    "value": "(",
  },
  "MOD": {
    "description": "Binary operator modulo",
    "exponent": false,
    "label": "modulo",
    "type": "operator",
    "value": "%",
  },
  "MUL": {
    "description": "Binary operator *",
    "exponent": false,
    "label": "×",
    "type": "operator",
    "value": "*",
  },
  "NAN": {
    "description": "Error in value",
    "exponent": false,
    "label": "Error",
    "type": "error",
    "value": "NaN",
  },
  "NEG": {
    "description": "Unary operator -",
    "exponent": false,
    "label": "﹣",
    "type": "operator",
    "value": "-",
  },
  "NTHRT": {
    "description": "Nth root",
    "exponent": "left",
    "label": "<sup>x</sup>√",
    "type": "function",
    "value": "nthrt",
  },
  "NUM0": {
    "description": "Digit 0",
    "exponent": false,
    "label": "0",
    "type": "digit",
    "value": "0",
  },
  "NUM1": {
    "description": "Digit 1",
    "exponent": false,
    "label": "1",
    "type": "digit",
    "value": "1",
  },
  "NUM2": {
    "description": "Digit 2",
    "exponent": false,
    "label": "2",
    "type": "digit",
    "value": "2",
  },
  "NUM3": {
    "description": "Digit 3",
    "exponent": false,
    "label": "3",
    "type": "digit",
    "value": "3",
  },
  "NUM4": {
    "description": "Digit 4",
    "exponent": false,
    "label": "4",
    "type": "digit",
    "value": "4",
  },
  "NUM5": {
    "description": "Digit 5",
    "exponent": false,
    "label": "5",
    "type": "digit",
    "value": "5",
  },
  "NUM6": {
    "description": "Digit 6",
    "exponent": false,
    "label": "6",
    "type": "digit",
    "value": "6",
  },
  "NUM7": {
    "description": "Digit 7",
    "exponent": false,
    "label": "7",
    "type": "digit",
    "value": "7",
  },
  "NUM8": {
    "description": "Digit 8",
    "exponent": false,
    "label": "8",
    "type": "digit",
    "value": "8",
  },
  "NUM9": {
    "description": "Digit 9",
    "exponent": false,
    "label": "9",
    "type": "digit",
    "value": "9",
  },
  "PI": {
    "description": "Value of PI",
    "exponent": false,
    "label": "π",
    "type": "constant",
    "value": "PI",
  },
  "POS": {
    "description": "Unary operator +",
    "exponent": false,
    "label": "﹢",
    "type": "operator",
    "value": "+",
  },
  "POW": {
    "description": "Power of",
    "exponent": "right",
    "label": "^",
    "type": "operator",
    "value": "^",
  },
  "RAND": {
    "description": "Random value",
    "exponent": false,
    "label": "random",
    "type": "function",
    "value": "random",
  },
  "ROUND": {
    "description": "Round to closest whole number",
    "exponent": false,
    "label": "round",
    "type": "function",
    "value": "round",
  },
  "RPAR": {
    "description": "Right parenthesis",
    "exponent": false,
    "label": ")",
    "type": "aggregator",
    "value": ")",
  },
  "SIN": {
    "description": "Sine",
    "exponent": false,
    "label": "sin",
    "type": "function",
    "value": "sin",
  },
  "SINH": {
    "description": "Hyperbolic sine",
    "exponent": false,
    "label": "sinh",
    "type": "function",
    "value": "sinh",
  },
  "SQRT": {
    "description": "Square root",
    "exponent": false,
    "label": "√",
    "type": "function",
    "value": "sqrt",
  },
  "SUB": {
    "description": "Binary operator -",
    "exponent": false,
    "label": "－",
    "type": "operator",
    "value": "-",
  },
  "TAN": {
    "description": "Tangent",
    "exponent": false,
    "label": "tan",
    "type": "function",
    "value": "tan",
  },
  "TANH": {
    "description": "Hyperbolic tangent",
    "exponent": false,
    "label": "tanh",
    "type": "function",
    "value": "tanh",
  },
  "TRUNC": {
    "description": "Whole number part",
    "exponent": false,
    "label": "trunc",
    "type": "function",
    "value": "trunc",
  },
}
`;
