// Jest Snapshot v1, https://goo.gl/fbAQLP

exports[`symbols defines symbols 1`] = `
{
  "cubeRoot": "∛",
  "divide": "÷",
  "ellipsis": "…",
  "euler": "e",
  "fourthRoot": "∜",
  "minus": "−",
  "minusOne": "﹣1",
  "multiply": "×",
  "negative": "-",
  "pi": "π",
  "plus": "+",
  "positive": "+",
  "squareRoot": "√",
}
`;

exports[`terms defines terms 1`] = `
{
  "ABS": {
    "exponent": false,
    "label": "abs",
    "type": "function",
    "value": "abs",
  },
  "ACOS": {
    "exponent": false,
    "label": "cos<sup>﹣1</sup>",
    "type": "function",
    "value": "acos",
  },
  "ACOSH": {
    "exponent": false,
    "label": "cosh<sup>﹣1</sup>",
    "type": "function",
    "value": "acosh",
  },
  "ADD": {
    "exponent": false,
    "label": "+",
    "type": "operator",
    "value": "+",
  },
  "ANS": {
    "exponent": false,
    "label": "Ans",
    "type": "variable",
    "value": "ans",
  },
  "ASIN": {
    "exponent": false,
    "label": "sin<sup>﹣1</sup>",
    "type": "function",
    "value": "asin",
  },
  "ASINH": {
    "exponent": false,
    "label": "sinh<sup>﹣1</sup>",
    "type": "function",
    "value": "asinh",
  },
  "ASSIGN": {
    "exponent": false,
    "label": "=",
    "type": "operator",
    "value": "=",
  },
  "ATAN": {
    "exponent": false,
    "label": "tan<sup>﹣1</sup>",
    "type": "function",
    "value": "atan",
  },
  "ATANH": {
    "exponent": false,
    "label": "tanh<sup>﹣1</sup>",
    "type": "function",
    "value": "atanh",
  },
  "CBRT": {
    "exponent": false,
    "label": "<sup>3</sup>√",
    "type": "function",
    "value": "cbrt",
  },
  "CEIL": {
    "exponent": false,
    "label": "ceil",
    "type": "function",
    "value": "ceil",
  },
  "COMMA": {
    "exponent": false,
    "label": ",",
    "type": "separator",
    "value": ",",
  },
  "COS": {
    "exponent": false,
    "label": "cos",
    "type": "function",
    "value": "cos",
  },
  "COSH": {
    "exponent": false,
    "label": "cosh",
    "type": "function",
    "value": "cosh",
  },
  "DEC": {
    "exponent": false,
    "label": "−",
    "type": "operator",
    "value": "dec",
  },
  "DIV": {
    "exponent": false,
    "label": "÷",
    "type": "operator",
    "value": "/",
  },
  "DOT": {
    "exponent": false,
    "label": ".",
    "type": "digit",
    "value": ".",
  },
  "E": {
    "exponent": false,
    "label": "e",
    "type": "constant",
    "value": "E",
  },
  "ELLIPSIS": {
    "exponent": false,
    "label": "…",
    "type": "separator",
    "value": "~",
  },
  "ERROR": {
    "exponent": false,
    "label": "Syntax error",
    "type": "error",
    "value": "Syntax",
  },
  "EXP": {
    "exponent": "right",
    "label": "exp",
    "type": "function",
    "value": "exp",
  },
  "EXP10": {
    "exponent": "right",
    "label": "×10",
    "type": "digit",
    "value": "e",
  },
  "FAC": {
    "exponent": false,
    "label": "!",
    "type": "operator",
    "value": "!",
  },
  "FLOOR": {
    "exponent": false,
    "label": "floor",
    "type": "function",
    "value": "floor",
  },
  "INC": {
    "exponent": false,
    "label": "+",
    "type": "operator",
    "value": "inc",
  },
  "INFINITY": {
    "exponent": false,
    "label": "Infinity",
    "type": "error",
    "value": "Infinity",
  },
  "LG": {
    "exponent": false,
    "label": "log<sub>10</sub>",
    "type": "function",
    "value": "lg",
  },
  "LN": {
    "exponent": false,
    "label": "ln",
    "type": "function",
    "value": "ln",
  },
  "LOG": {
    "exponent": false,
    "label": "ln",
    "type": "function",
    "value": "log",
  },
  "LOG10": {
    "exponent": false,
    "label": "log<sub>10</sub>",
    "type": "function",
    "value": "log10",
  },
  "LPAR": {
    "exponent": false,
    "label": "(",
    "type": "aggregator",
    "value": "(",
  },
  "MEM": {
    "exponent": false,
    "label": "Mem",
    "type": "variable",
    "value": "mem",
  },
  "MOD": {
    "exponent": false,
    "label": "modulo",
    "type": "operator",
    "value": "%",
  },
  "MUL": {
    "exponent": false,
    "label": "×",
    "type": "operator",
    "value": "*",
  },
  "NAN": {
    "exponent": false,
    "label": "Error",
    "type": "error",
    "value": "NaN",
  },
  "NEG": {
    "exponent": false,
    "label": "-",
    "type": "operator",
    "value": "-",
  },
  "NTHRT": {
    "exponent": "left",
    "label": "√",
    "type": "function",
    "value": "nthrt",
  },
  "NUM0": {
    "exponent": false,
    "label": "0",
    "type": "digit",
    "value": "0",
  },
  "NUM1": {
    "exponent": false,
    "label": "1",
    "type": "digit",
    "value": "1",
  },
  "NUM2": {
    "exponent": false,
    "label": "2",
    "type": "digit",
    "value": "2",
  },
  "NUM3": {
    "exponent": false,
    "label": "3",
    "type": "digit",
    "value": "3",
  },
  "NUM4": {
    "exponent": false,
    "label": "4",
    "type": "digit",
    "value": "4",
  },
  "NUM5": {
    "exponent": false,
    "label": "5",
    "type": "digit",
    "value": "5",
  },
  "NUM6": {
    "exponent": false,
    "label": "6",
    "type": "digit",
    "value": "6",
  },
  "NUM7": {
    "exponent": false,
    "label": "7",
    "type": "digit",
    "value": "7",
  },
  "NUM8": {
    "exponent": false,
    "label": "8",
    "type": "digit",
    "value": "8",
  },
  "NUM9": {
    "exponent": false,
    "label": "9",
    "type": "digit",
    "value": "9",
  },
  "PERCENT": {
    "exponent": false,
    "label": "%",
    "type": "operator",
    "value": "#",
  },
  "PI": {
    "exponent": false,
    "label": "π",
    "type": "constant",
    "value": "PI",
  },
  "POS": {
    "exponent": false,
    "label": "+",
    "type": "operator",
    "value": "+",
  },
  "POW": {
    "exponent": "right",
    "label": "^",
    "type": "operator",
    "value": "^",
  },
  "RAND": {
    "exponent": false,
    "label": "random",
    "type": "function",
    "value": "random",
  },
  "ROUND": {
    "exponent": false,
    "label": "round",
    "type": "function",
    "value": "round",
  },
  "RPAR": {
    "exponent": false,
    "label": ")",
    "type": "aggregator",
    "value": ")",
  },
  "SIN": {
    "exponent": false,
    "label": "sin",
    "type": "function",
    "value": "sin",
  },
  "SINH": {
    "exponent": false,
    "label": "sinh",
    "type": "function",
    "value": "sinh",
  },
  "SQRT": {
    "exponent": false,
    "label": "√",
    "type": "function",
    "value": "sqrt",
  },
  "SUB": {
    "exponent": false,
    "label": "−",
    "type": "operator",
    "value": "-",
  },
  "TAN": {
    "exponent": false,
    "label": "tan",
    "type": "function",
    "value": "tan",
  },
  "TANH": {
    "exponent": false,
    "label": "tanh",
    "type": "function",
    "value": "tanh",
  },
  "TEN": {
    "exponent": false,
    "label": "10",
    "type": "constant",
    "value": "TEN",
  },
  "TRUNC": {
    "exponent": false,
    "label": "trunc",
    "type": "function",
    "value": "trunc",
  },
}
`;

exports[`types defines types 1`] = `
{
  "aggregator": "aggregator",
  "constant": "constant",
  "digit": "digit",
  "error": "error",
  "exponent": "exponent",
  "function": "function",
  "operator": "operator",
  "separator": "separator",
  "term": "term",
  "unknown": "unknown",
  "variable": "variable",
}
`;
