// Jest Snapshot v1, https://goo.gl/fbAQLP

exports[`types defines types 1`] = `
{
  "aggregator": "aggregator",
  "constant": "constant",
  "digit": "digit",
  "error": "error",
  "function": "function",
  "operator": "operator",
  "separator": "separator",
  "term": "term",
  "variable": "variable",
}
`;
